#property strict
#property description "FullTestEA"

// Session filter uses broker server time via TimeCurrent(); it is independent of this app's backtest UTC offset.
// In Strategy Tester, economic calendar data can be unavailable. If CalendarValueHistory fails,
// the MQL5 news filter blocks entries while NewsFilterEnable is true.

#include <Trade/Trade.mqh>
CTrade trade;

input int InpLotSizingMode = 0; // 0=fixed lot, 1=fixed risk %, 2=compound balance %
input double InpLots = 0.2;
input double InpInitialBalance = 1000000;
input double InpRiskPercent = 1;
input double InpMaxLots = 100;
input int InpMagicNumber = 67890;
input bool InpTradeLong = true;
input bool InpSessionFilterEnable = true;
input string InpSessionStart = "08:00";
input string InpSessionEnd = "17:30";
input bool NewsFilterEnable = true;
input int NewsBlockMinutes = 45;
input int InpStopLossPips = 25;
input int InpTakeProfitPips = 50;
input bool InpUseTrailingStop = true;
input int InpTrailingStopPips = 15;
input bool InpCloseOnOppositeSignal = true;
input int InpRVI1Period = 10;

datetime lastBarTime = 0;


double PipPoint()
{
  if(_Digits == 3 || _Digits == 5)
  {
    return _Point * 10.0;
  }
  return _Point;
}

double NormalizeLots(double lots)
{
  double minLot = SymbolInfoDouble(_Symbol, SYMBOL_VOLUME_MIN);
  double maxLot = SymbolInfoDouble(_Symbol, SYMBOL_VOLUME_MAX);
  double step = SymbolInfoDouble(_Symbol, SYMBOL_VOLUME_STEP);
  if(minLot <= 0.0)
  {
    minLot = 0.01;
  }
  if(maxLot <= 0.0)
  {
    maxLot = lots;
  }
  if(InpMaxLots > 0.0)
  {
    maxLot = MathMin(maxLot, InpMaxLots);
  }
  lots = MathMax(minLot, MathMin(maxLot, lots));
  if(step > 0.0)
  {
    lots = MathFloor(lots / step) * step;
  }
  return NormalizeDouble(lots, 2);
}

double LotSizeForEntry()
{
  if(InpLotSizingMode == 0)
  {
    return NormalizeLots(InpLots);
  }
  // Fixed-risk live sizing uses the current account balance and broker tick value.
  double balance = AccountInfoDouble(ACCOUNT_BALANCE);
  if(InpLotSizingMode == 2)
  {
    if(balance <= 0.0 || InpInitialBalance <= 0.0)
    {
      return NormalizeLots(InpLots);
    }
    return NormalizeLots(InpLots * balance / InpInitialBalance);
  }
  if(InpRiskPercent <= 0.0 || InpStopLossPips <= 0)
  {
    return NormalizeLots(InpLots);
  }
  double tickValue = SymbolInfoDouble(_Symbol, SYMBOL_TRADE_TICK_VALUE);
  double tickSize = SymbolInfoDouble(_Symbol, SYMBOL_TRADE_TICK_SIZE);
  double pipValuePerLot = tickSize > 0.0 ? tickValue * (PipPoint() / tickSize) : 0.0;
  if(balance <= 0.0 || pipValuePerLot <= 0.0)
  {
    return NormalizeLots(InpLots);
  }
  double riskAmount = balance * InpRiskPercent / 100.0;
  double spreadPips = (double)SymbolInfoInteger(_Symbol, SYMBOL_SPREAD) * _Point / PipPoint();
  double riskPips = InpStopLossPips + MathMax(0.0, spreadPips);
  return NormalizeLots(riskAmount / (riskPips * pipValuePerLot));
}

bool ValueReady(double value)
{
  return value != EMPTY_VALUE && value == value;
}

bool CrossedAbove(double previousFast, double previousSlow, double currentFast, double currentSlow)
{
  return previousFast <= previousSlow && currentFast > currentSlow;
}

bool CrossedBelow(double previousFast, double previousSlow, double currentFast, double currentSlow)
{
  return previousFast >= previousSlow && currentFast < currentSlow;
}

int TimeTextToMinutes(string value)
{
  int separator = StringFind(value, ":");
  if(separator < 0)
  {
    return 0;
  }
  int hour = (int)StringToInteger(StringSubstr(value, 0, separator));
  int minute = (int)StringToInteger(StringSubstr(value, separator + 1));
  if(hour < 0)
  {
    hour = 0;
  }
  if(hour > 23)
  {
    hour = 23;
  }
  if(minute < 0)
  {
    minute = 0;
  }
  if(minute > 59)
  {
    minute = 59;
  }
  return hour * 60 + minute;
}

bool IsInTradingSession()
{
  if(!InpSessionFilterEnable)
  {
    return true;
  }
  MqlDateTime current;
  TimeToStruct(TimeCurrent(), current);
  int nowMinutes = current.hour * 60 + current.min;
  int startMinutes = TimeTextToMinutes(InpSessionStart);
  int endMinutes = TimeTextToMinutes(InpSessionEnd);
  if(startMinutes == endMinutes)
  {
    return true;
  }
  if(startMinutes < endMinutes)
  {
    return nowMinutes >= startMinutes && nowMinutes < endMinutes;
  }
  return nowMinutes >= startMinutes || nowMinutes < endMinutes;
}

string BaseCurrency()
{
  if(StringLen(_Symbol) < 6)
  {
    return "";
  }
  return StringSubstr(_Symbol, 0, 3);
}

string QuoteCurrency()
{
  if(StringLen(_Symbol) < 6)
  {
    return "";
  }
  return StringSubstr(_Symbol, 3, 3);
}

bool CurrencyHasHighImpactNews(string currency, datetime fromTime, datetime toTime)
{
  if(currency == "")
  {
    return false;
  }
  MqlCalendarValue values[];
  ResetLastError();
  if(!CalendarValueHistory(values, fromTime, toTime, NULL, currency))
  {
    return true;
  }
  int count = ArraySize(values);
  if(count <= 0)
  {
    return false;
  }
  for(int i = 0; i < count; i++)
  {
    MqlCalendarEvent eventInfo;
    if(CalendarEventById(values[i].event_id, eventInfo) && eventInfo.importance == CALENDAR_IMPORTANCE_HIGH)
    {
      return true;
    }
  }
  return false;
}

bool IsHighImpactNewsWindow()
{
  if(!NewsFilterEnable || NewsBlockMinutes <= 0)
  {
    return false;
  }
  datetime nowTime = TimeCurrent();
  datetime fromTime = nowTime - NewsBlockMinutes * 60;
  datetime toTime = nowTime + NewsBlockMinutes * 60;
  return CurrencyHasHighImpactNews(BaseCurrency(), fromTime, toTime) ||
    CurrencyHasHighImpactNews(QuoteCurrency(), fromTime, toTime);
}

bool EntryFiltersAllow()
{
  return IsInTradingSession() && !IsHighImpactNewsWindow();
}

bool EnsureIndicator(int handle, string label)
{
  if(handle != INVALID_HANDLE)
  {
    return true;
  }
  Print(label, " handle creation failed: ", GetLastError());
  return false;
}

void ReleaseIndicator(int &handle)
{
  if(handle == INVALID_HANDLE)
  {
    return;
  }
  IndicatorRelease(handle);
  handle = INVALID_HANDLE;
}

double BufferValue(int handle, int bufferIndex, int shift)
{
  if(handle == INVALID_HANDLE)
  {
    return EMPTY_VALUE;
  }
  double values[];
  ArraySetAsSeries(values, true);
  int copied = CopyBuffer(handle, bufferIndex, shift, 1, values);
  if(copied <= 0)
  {
    return EMPTY_VALUE;
  }
  return values[0];
}

int OnInit()
{
  if(InpRVI1Period < 1)
  {
    Print("RVI1 rejected: period must be an integer greater than or equal to 1");
    return INIT_FAILED;
  }
  return INIT_SUCCEEDED;
}

void OnDeinit(const int reason)
{

}



// RVI parity: the native iRVI buffer is intentionally not used.
// Its terminal-specific operation order can differ by 1 ULP at the equality
// boundary, so the OHLC calculation below is the shared TS/MQL contract.
// The TS evaluator and this EA must keep the same IEEE-754 operation order:
// SWMA numerator/range (including /6), SUM over period, ratio, then signal
// SWMA (including /6). Moving any division changes equality-boundary crosses.
// iOpen/iHigh/iLow/iClose return 0.0 for unavailable history on MT4/MT5.
// Every referenced OHLC value is therefore required to be finite and > 0.0,
// which is the generated equivalent of the TS null data-gap result.
// A zero SUM(RANGE) is also returned as EMPTY_VALUE, matching TS null.
double RviNumeratorSwma1(int shift)
{
  double open0 = iOpen(_Symbol, _Period, shift);
  double high0 = iHigh(_Symbol, _Period, shift);
  double low0 = iLow(_Symbol, _Period, shift);
  double close0 = iClose(_Symbol, _Period, shift);
  double open1 = iOpen(_Symbol, _Period, shift + 1);
  double high1 = iHigh(_Symbol, _Period, shift + 1);
  double low1 = iLow(_Symbol, _Period, shift + 1);
  double close1 = iClose(_Symbol, _Period, shift + 1);
  double open2 = iOpen(_Symbol, _Period, shift + 2);
  double high2 = iHigh(_Symbol, _Period, shift + 2);
  double low2 = iLow(_Symbol, _Period, shift + 2);
  double close2 = iClose(_Symbol, _Period, shift + 2);
  double open3 = iOpen(_Symbol, _Period, shift + 3);
  double high3 = iHigh(_Symbol, _Period, shift + 3);
  double low3 = iLow(_Symbol, _Period, shift + 3);
  double close3 = iClose(_Symbol, _Period, shift + 3);
  if(!ValueReady(open0) || !MathIsValidNumber(open0) || !ValueReady(high0) || !MathIsValidNumber(high0) ||
    !ValueReady(low0) || !MathIsValidNumber(low0) || !ValueReady(close0) || !MathIsValidNumber(close0) ||
    !ValueReady(open1) || !MathIsValidNumber(open1) || !ValueReady(high1) || !MathIsValidNumber(high1) ||
    !ValueReady(low1) || !MathIsValidNumber(low1) || !ValueReady(close1) || !MathIsValidNumber(close1) ||
    !ValueReady(open2) || !MathIsValidNumber(open2) || !ValueReady(high2) || !MathIsValidNumber(high2) ||
    !ValueReady(low2) || !MathIsValidNumber(low2) || !ValueReady(close2) || !MathIsValidNumber(close2) ||
    !ValueReady(open3) || !MathIsValidNumber(open3) || !ValueReady(high3) || !MathIsValidNumber(high3) ||
    !ValueReady(low3) || !MathIsValidNumber(low3) || !ValueReady(close3) || !MathIsValidNumber(close3) ||
    !(open0 > 0.0 && high0 > 0.0 && low0 > 0.0 && close0 > 0.0 &&
      open1 > 0.0 && high1 > 0.0 && low1 > 0.0 && close1 > 0.0 &&
      open2 > 0.0 && high2 > 0.0 && low2 > 0.0 && close2 > 0.0 &&
      open3 > 0.0 && high3 > 0.0 && low3 > 0.0 && close3 > 0.0))
  {
    return EMPTY_VALUE;
  }
  return ((close0 - open0) +
    2 * (close1 - open1) +
    2 * (close2 - open2) +
    (close3 - open3)) / 6.0;
}

double RviRangeSwma1(int shift)
{
  double open0 = iOpen(_Symbol, _Period, shift);
  double high0 = iHigh(_Symbol, _Period, shift);
  double low0 = iLow(_Symbol, _Period, shift);
  double close0 = iClose(_Symbol, _Period, shift);
  double open1 = iOpen(_Symbol, _Period, shift + 1);
  double high1 = iHigh(_Symbol, _Period, shift + 1);
  double low1 = iLow(_Symbol, _Period, shift + 1);
  double close1 = iClose(_Symbol, _Period, shift + 1);
  double open2 = iOpen(_Symbol, _Period, shift + 2);
  double high2 = iHigh(_Symbol, _Period, shift + 2);
  double low2 = iLow(_Symbol, _Period, shift + 2);
  double close2 = iClose(_Symbol, _Period, shift + 2);
  double open3 = iOpen(_Symbol, _Period, shift + 3);
  double high3 = iHigh(_Symbol, _Period, shift + 3);
  double low3 = iLow(_Symbol, _Period, shift + 3);
  double close3 = iClose(_Symbol, _Period, shift + 3);
  if(!ValueReady(open0) || !MathIsValidNumber(open0) || !ValueReady(high0) || !MathIsValidNumber(high0) ||
    !ValueReady(low0) || !MathIsValidNumber(low0) || !ValueReady(close0) || !MathIsValidNumber(close0) ||
    !ValueReady(open1) || !MathIsValidNumber(open1) || !ValueReady(high1) || !MathIsValidNumber(high1) ||
    !ValueReady(low1) || !MathIsValidNumber(low1) || !ValueReady(close1) || !MathIsValidNumber(close1) ||
    !ValueReady(open2) || !MathIsValidNumber(open2) || !ValueReady(high2) || !MathIsValidNumber(high2) ||
    !ValueReady(low2) || !MathIsValidNumber(low2) || !ValueReady(close2) || !MathIsValidNumber(close2) ||
    !ValueReady(open3) || !MathIsValidNumber(open3) || !ValueReady(high3) || !MathIsValidNumber(high3) ||
    !ValueReady(low3) || !MathIsValidNumber(low3) || !ValueReady(close3) || !MathIsValidNumber(close3) ||
    !(open0 > 0.0 && high0 > 0.0 && low0 > 0.0 && close0 > 0.0 &&
      open1 > 0.0 && high1 > 0.0 && low1 > 0.0 && close1 > 0.0 &&
      open2 > 0.0 && high2 > 0.0 && low2 > 0.0 && close2 > 0.0 &&
      open3 > 0.0 && high3 > 0.0 && low3 > 0.0 && close3 > 0.0))
  {
    return EMPTY_VALUE;
  }
  return ((high0 - low0) +
    2 * (high1 - low1) +
    2 * (high2 - low2) +
    (high3 - low3)) / 6.0;
}

double RviValue1(int shift)
{
  int period = InpRVI1Period;
  if(period < 1)
  {
    return EMPTY_VALUE;
  }
  // TS exposes the first RVI at index period + 3. Shift indexing therefore
  // needs this exact history boundary before evaluating the SUM window.
  if(iTime(_Symbol, _Period, shift + period + 3) == 0)
  {
    return EMPTY_VALUE;
  }
  double numeratorSum = 0.0;
  double rangeSum = 0.0;
  // TS adds offsets from the oldest item in the period window to the current
  // item. Descending MQL shifts preserve that same chronological order.
  for(int offset = period - 1; offset >= 0; offset--)
  {
    double numeratorAverage = RviNumeratorSwma1(shift + offset);
    double rangeAverage = RviRangeSwma1(shift + offset);
    if(!ValueReady(numeratorAverage) || !MathIsValidNumber(numeratorAverage) ||
      !ValueReady(rangeAverage) || !MathIsValidNumber(rangeAverage))
    {
      return EMPTY_VALUE;
    }
    numeratorSum += numeratorAverage;
    rangeSum += rangeAverage;
  }
  if(!MathIsValidNumber(numeratorSum) || !MathIsValidNumber(rangeSum) || rangeSum == 0.0)
  {
    return EMPTY_VALUE;
  }
  double value = numeratorSum / rangeSum;
  if(!ValueReady(value) || !MathIsValidNumber(value))
  {
    return EMPTY_VALUE;
  }
  return value;
}

double RviSignalValue1(int shift)
{
  int period = InpRVI1Period;
  if(period < 1)
  {
    return EMPTY_VALUE;
  }
  // TS exposes the first signal at index period + 6. Keep the signal shift in
  // the guard so the generated EA does not move the warm-up boundary by one bar.
  // NOTE: warm-up parity is structurally guaranteed by the RviValue call chain
  // (RviSignalValue(shift) reads RviValue(shift+3), whose period+3 guard lands
  // on the same bar); this guard constant alone is not load-bearing, so do not
  // assume editing only these constants can safely shift the boundary.
  if(iTime(_Symbol, _Period, shift + period + 6) == 0)
  {
    return EMPTY_VALUE;
  }
  double current = RviValue1(shift);
  double previous = RviValue1(shift + 1);
  double twoBarsAgo = RviValue1(shift + 2);
  double threeBarsAgo = RviValue1(shift + 3);
  if(!ValueReady(current) || !MathIsValidNumber(current) ||
    !ValueReady(previous) || !MathIsValidNumber(previous) ||
    !ValueReady(twoBarsAgo) || !MathIsValidNumber(twoBarsAgo) ||
    !ValueReady(threeBarsAgo) || !MathIsValidNumber(threeBarsAgo))
  {
    return EMPTY_VALUE;
  }
  double value = (current + 2 * previous + 2 * twoBarsAgo + threeBarsAgo) / 6.0;
  if(!ValueReady(value) || !MathIsValidNumber(value))
  {
    return EMPTY_VALUE;
  }
  return value;
}

bool Condition1(bool longSide)
{
  int period = InpRVI1Period;
  int signalShift = 1;
  // The TS signal warm-up is period + 6; shift 1 is the latest closed bar.
  if(period < 1 || iTime(_Symbol, _Period, period + 6 + signalShift) == 0)
  {
    return false;
  }
  double previousRvi = RviValue1(signalShift + 1);
  double previousSignal = RviSignalValue1(signalShift + 1);
  double currentRvi = RviValue1(signalShift);
  double currentSignal = RviSignalValue1(signalShift);
  if(!ValueReady(previousRvi) || !MathIsValidNumber(previousRvi) ||
    !ValueReady(previousSignal) || !MathIsValidNumber(previousSignal) ||
    !ValueReady(currentRvi) || !MathIsValidNumber(currentRvi) ||
    !ValueReady(currentSignal) || !MathIsValidNumber(currentSignal))
  {
    return false;
  }
  // Keep the evaluator's equality boundary: prior <=/>=, current >/<.
  if(longSide)
  {
    return CrossedAbove(previousRvi, previousSignal, currentRvi, currentSignal);
  }
  return CrossedBelow(previousRvi, previousSignal, currentRvi, currentSignal);
}


bool EntrySignal(bool longSide)
{
  return Condition1(longSide);
}


bool IsNewBar()
{
  datetime currentBarTime = iTime(_Symbol, _Period, 0);
  if(currentBarTime == 0)
  {
    return false;
  }
  if(currentBarTime == lastBarTime)
  {
    return false;
  }
  lastBarTime = currentBarTime;
  return true;
}

bool SelectCurrentPosition()
{
  for(int i = PositionsTotal() - 1; i >= 0; i--)
  {
    ulong ticket = PositionGetTicket(i);
    if(ticket == 0)
    {
      continue;
    }
    if(!PositionSelectByTicket(ticket))
    {
      continue;
    }
    if(PositionGetString(POSITION_SYMBOL) == _Symbol && (int)PositionGetInteger(POSITION_MAGIC) == InpMagicNumber)
    {
      return true;
    }
  }
  return false;
}

void OpenPosition()
{
  double pip = PipPoint();
  double lots = LotSizeForEntry();
  trade.SetExpertMagicNumber(InpMagicNumber);
  trade.SetDeviationInPoints(20);
  if(InpTradeLong)
  {
    double ask = SymbolInfoDouble(_Symbol, SYMBOL_ASK);
    double sl = NormalizeDouble(ask - InpStopLossPips * pip, _Digits);
    double tp = NormalizeDouble(ask + InpTakeProfitPips * pip, _Digits);
    trade.Buy(lots, _Symbol, ask, sl, tp, "FullTestEA");
    return;
  }
  double bid = SymbolInfoDouble(_Symbol, SYMBOL_BID);
  double sl = NormalizeDouble(bid + InpStopLossPips * pip, _Digits);
  double tp = NormalizeDouble(bid - InpTakeProfitPips * pip, _Digits);
  trade.Sell(lots, _Symbol, bid, sl, tp, "FullTestEA");
}

void CloseCurrentPosition()
{
  if(!SelectCurrentPosition())
  {
    return;
  }
  ulong ticket = (ulong)PositionGetInteger(POSITION_TICKET);
  trade.PositionClose(ticket);
}

void ManageTrailingStop()
{
  if(!InpUseTrailingStop || InpTrailingStopPips <= 0)
  {
    return;
  }
  if(!SelectCurrentPosition())
  {
    return;
  }
  double pip = PipPoint();
  ulong ticket = (ulong)PositionGetInteger(POSITION_TICKET);
  double currentSL = PositionGetDouble(POSITION_SL);
  double currentTP = PositionGetDouble(POSITION_TP);
  long positionType = PositionGetInteger(POSITION_TYPE);
  if(positionType == POSITION_TYPE_BUY)
  {
    double bid = SymbolInfoDouble(_Symbol, SYMBOL_BID);
    double nextSL = NormalizeDouble(bid - InpTrailingStopPips * pip, _Digits);
    if((currentSL == 0.0 || nextSL > currentSL) && nextSL < bid)
    {
      trade.PositionModify(ticket, nextSL, currentTP);
    }
    return;
  }
  double ask = SymbolInfoDouble(_Symbol, SYMBOL_ASK);
  double nextSL = NormalizeDouble(ask + InpTrailingStopPips * pip, _Digits);
  if((currentSL == 0.0 || nextSL < currentSL) && nextSL > ask)
  {
    trade.PositionModify(ticket, nextSL, currentTP);
  }
}

void OnTick()
{
  ManageTrailingStop();
  if(!IsNewBar())
  {
    return;
  }
  if(SelectCurrentPosition())
  {
    if(InpCloseOnOppositeSignal && EntrySignal(!InpTradeLong))
    {
      CloseCurrentPosition();
    }
    return;
  }
  if(EntryFiltersAllow() && EntrySignal(InpTradeLong))
  {
    OpenPosition();
  }
}
