#property strict
#property description "FullTestEA"

// Session filter uses broker server time via TimeCurrent(); it is independent of this app's backtest UTC offset.
// In Strategy Tester, economic calendar data can be unavailable. If CalendarValueHistory fails,
// the MQL5 news filter blocks entries while NewsFilterEnable is true.

#include <Trade/Trade.mqh>
CTrade trade;

input int InpLotSizingMode = 0; // 0=fixed lot, 1=fixed risk %, 2=compound balance %
input double InpLots = 0.2;
input double InpInitialBalance = 1000000;
input double InpRiskPercent = 1;
input double InpMaxLots = 100;
input int InpMagicNumber = 67890;
input bool InpTradeLong = true;
input bool InpSessionFilterEnable = true;
input string InpSessionStart = "08:00";
input string InpSessionEnd = "17:30";
input bool NewsFilterEnable = true;
input int NewsBlockMinutes = 45;
input int InpStopLossPips = 25;
input int InpTakeProfitPips = 50;
input bool InpUseTrailingStop = true;
input int InpTrailingStopPips = 15;
input bool InpCloseOnOppositeSignal = true;
input int InpDeMarker1Period = 14;
input double InpDeMarker1Threshold = 0.3;

datetime lastBarTime = 0;


double PipPoint()
{
  if(_Digits == 3 || _Digits == 5)
  {
    return _Point * 10.0;
  }
  return _Point;
}

double NormalizeLots(double lots)
{
  double minLot = SymbolInfoDouble(_Symbol, SYMBOL_VOLUME_MIN);
  double maxLot = SymbolInfoDouble(_Symbol, SYMBOL_VOLUME_MAX);
  double step = SymbolInfoDouble(_Symbol, SYMBOL_VOLUME_STEP);
  if(minLot <= 0.0)
  {
    minLot = 0.01;
  }
  if(maxLot <= 0.0)
  {
    maxLot = lots;
  }
  if(InpMaxLots > 0.0)
  {
    maxLot = MathMin(maxLot, InpMaxLots);
  }
  lots = MathMax(minLot, MathMin(maxLot, lots));
  if(step > 0.0)
  {
    lots = MathFloor(lots / step) * step;
  }
  return NormalizeDouble(lots, 2);
}

double LotSizeForEntry()
{
  if(InpLotSizingMode == 0)
  {
    return NormalizeLots(InpLots);
  }
  // Fixed-risk live sizing uses the current account balance and broker tick value.
  double balance = AccountInfoDouble(ACCOUNT_BALANCE);
  if(InpLotSizingMode == 2)
  {
    if(balance <= 0.0 || InpInitialBalance <= 0.0)
    {
      return NormalizeLots(InpLots);
    }
    return NormalizeLots(InpLots * balance / InpInitialBalance);
  }
  if(InpRiskPercent <= 0.0 || InpStopLossPips <= 0)
  {
    return NormalizeLots(InpLots);
  }
  double tickValue = SymbolInfoDouble(_Symbol, SYMBOL_TRADE_TICK_VALUE);
  double tickSize = SymbolInfoDouble(_Symbol, SYMBOL_TRADE_TICK_SIZE);
  double pipValuePerLot = tickSize > 0.0 ? tickValue * (PipPoint() / tickSize) : 0.0;
  if(balance <= 0.0 || pipValuePerLot <= 0.0)
  {
    return NormalizeLots(InpLots);
  }
  double riskAmount = balance * InpRiskPercent / 100.0;
  double spreadPips = (double)SymbolInfoInteger(_Symbol, SYMBOL_SPREAD) * _Point / PipPoint();
  double riskPips = InpStopLossPips + MathMax(0.0, spreadPips);
  return NormalizeLots(riskAmount / (riskPips * pipValuePerLot));
}

bool ValueReady(double value)
{
  return value != EMPTY_VALUE && value == value;
}

bool CrossedAbove(double previousFast, double previousSlow, double currentFast, double currentSlow)
{
  return previousFast <= previousSlow && currentFast > currentSlow;
}

bool CrossedBelow(double previousFast, double previousSlow, double currentFast, double currentSlow)
{
  return previousFast >= previousSlow && currentFast < currentSlow;
}

int TimeTextToMinutes(string value)
{
  int separator = StringFind(value, ":");
  if(separator < 0)
  {
    return 0;
  }
  int hour = (int)StringToInteger(StringSubstr(value, 0, separator));
  int minute = (int)StringToInteger(StringSubstr(value, separator + 1));
  if(hour < 0)
  {
    hour = 0;
  }
  if(hour > 23)
  {
    hour = 23;
  }
  if(minute < 0)
  {
    minute = 0;
  }
  if(minute > 59)
  {
    minute = 59;
  }
  return hour * 60 + minute;
}

bool IsInTradingSession()
{
  if(!InpSessionFilterEnable)
  {
    return true;
  }
  MqlDateTime current;
  TimeToStruct(TimeCurrent(), current);
  int nowMinutes = current.hour * 60 + current.min;
  int startMinutes = TimeTextToMinutes(InpSessionStart);
  int endMinutes = TimeTextToMinutes(InpSessionEnd);
  if(startMinutes == endMinutes)
  {
    return true;
  }
  if(startMinutes < endMinutes)
  {
    return nowMinutes >= startMinutes && nowMinutes < endMinutes;
  }
  return nowMinutes >= startMinutes || nowMinutes < endMinutes;
}

string BaseCurrency()
{
  if(StringLen(_Symbol) < 6)
  {
    return "";
  }
  return StringSubstr(_Symbol, 0, 3);
}

string QuoteCurrency()
{
  if(StringLen(_Symbol) < 6)
  {
    return "";
  }
  return StringSubstr(_Symbol, 3, 3);
}

bool CurrencyHasHighImpactNews(string currency, datetime fromTime, datetime toTime)
{
  if(currency == "")
  {
    return false;
  }
  MqlCalendarValue values[];
  ResetLastError();
  if(!CalendarValueHistory(values, fromTime, toTime, NULL, currency))
  {
    return true;
  }
  int count = ArraySize(values);
  if(count <= 0)
  {
    return false;
  }
  for(int i = 0; i < count; i++)
  {
    MqlCalendarEvent eventInfo;
    if(CalendarEventById(values[i].event_id, eventInfo) && eventInfo.importance == CALENDAR_IMPORTANCE_HIGH)
    {
      return true;
    }
  }
  return false;
}

bool IsHighImpactNewsWindow()
{
  if(!NewsFilterEnable || NewsBlockMinutes <= 0)
  {
    return false;
  }
  datetime nowTime = TimeCurrent();
  datetime fromTime = nowTime - NewsBlockMinutes * 60;
  datetime toTime = nowTime + NewsBlockMinutes * 60;
  return CurrencyHasHighImpactNews(BaseCurrency(), fromTime, toTime) ||
    CurrencyHasHighImpactNews(QuoteCurrency(), fromTime, toTime);
}

bool EntryFiltersAllow()
{
  return IsInTradingSession() && !IsHighImpactNewsWindow();
}

bool EnsureIndicator(int handle, string label)
{
  if(handle != INVALID_HANDLE)
  {
    return true;
  }
  Print(label, " handle creation failed: ", GetLastError());
  return false;
}

void ReleaseIndicator(int &handle)
{
  if(handle == INVALID_HANDLE)
  {
    return;
  }
  IndicatorRelease(handle);
  handle = INVALID_HANDLE;
}

double BufferValue(int handle, int bufferIndex, int shift)
{
  if(handle == INVALID_HANDLE)
  {
    return EMPTY_VALUE;
  }
  double values[];
  ArraySetAsSeries(values, true);
  int copied = CopyBuffer(handle, bufferIndex, shift, 1, values);
  if(copied <= 0)
  {
    return EMPTY_VALUE;
  }
  return values[0];
}

int OnInit()
{
  if(InpDeMarker1Period < 1 || !MathIsValidNumber(InpDeMarker1Threshold) || InpDeMarker1Threshold <= 0.0 || InpDeMarker1Threshold >= 1.0)
  {
    Print("DeMarker1 rejected: period must be an integer greater than or equal to 1 and threshold must be finite, greater than 0 and less than 1");
    return INIT_FAILED;
  }
  return INIT_SUCCEEDED;
}

void OnDeinit(const int reason)
{

}



// DeMarker parity: the native iDeMarker buffer is intentionally not used.
// This project follows the TS/MT5 form from the terminal help exactly:
// DeMax/DeMin are built from adjacent iHigh/iLow values, each SMA is divided
// by period first, and only then are the two SMA values added for the ratio.
// DeMax/DeMin need the previous bar, so the history guard includes shift+period.
// MT4/MT5 return 0.0 for unavailable OHLC history; positive finite OHLC guards
// keep those data gaps fail-closed instead of creating synthetic movement.
// A zero denominator is also fail-closed and returns EMPTY_VALUE, matching the
// TS demarker() null result rather than the terminal's 0.0 buffer convention.
double DeMarkerDeMax1(int shift)
{
  double high = iHigh(_Symbol, _Period, shift);
  double previousHigh = iHigh(_Symbol, _Period, shift + 1);
  if(!ValueReady(high) || !MathIsValidNumber(high) ||
    !ValueReady(previousHigh) || !MathIsValidNumber(previousHigh) ||
    !(high > 0.0 && previousHigh > 0.0))
  {
    return EMPTY_VALUE;
  }
  double value = high > previousHigh ? high - previousHigh : 0.0;
  if(!ValueReady(value) || !MathIsValidNumber(value))
  {
    return EMPTY_VALUE;
  }
  return value;
}

double DeMarkerDeMin1(int shift)
{
  double low = iLow(_Symbol, _Period, shift);
  double previousLow = iLow(_Symbol, _Period, shift + 1);
  if(!ValueReady(low) || !MathIsValidNumber(low) ||
    !ValueReady(previousLow) || !MathIsValidNumber(previousLow) ||
    !(low > 0.0 && previousLow > 0.0))
  {
    return EMPTY_VALUE;
  }
  double value = low < previousLow ? previousLow - low : 0.0;
  if(!ValueReady(value) || !MathIsValidNumber(value))
  {
    return EMPTY_VALUE;
  }
  return value;
}

double DeMarkerValue1(int shift)
{
  int period = InpDeMarker1Period;
  if(period < 1)
  {
    return EMPTY_VALUE;
  }
  // TS exposes its first DeMarker at index period. The value at this MQL shift
  // reads DeMax/DeMin through shift+period, so this is the same warm-up bar.
  if(iTime(_Symbol, _Period, shift + period) == 0)
  {
    return EMPTY_VALUE;
  }
  double deMaxSum = 0.0;
  double deMinSum = 0.0;
  // Descending MQL shifts visit the TS window oldest-to-newest, preserving the
  // TS accumulation order before each SMA and the final ratio.
  for(int offset = period - 1; offset >= 0; offset--)
  {
    double deMax = DeMarkerDeMax1(shift + offset);
    double deMin = DeMarkerDeMin1(shift + offset);
    if(!ValueReady(deMax) || !MathIsValidNumber(deMax) ||
      !ValueReady(deMin) || !MathIsValidNumber(deMin))
    {
      return EMPTY_VALUE;
    }
    deMaxSum += deMax;
    deMinSum += deMin;
  }
  if(!MathIsValidNumber(deMaxSum) || !MathIsValidNumber(deMinSum))
  {
    return EMPTY_VALUE;
  }
  // Keep the TS order: SMA(DeMax), SMA(DeMin), SMA sum, then the ratio.
  double deMaxSma = deMaxSum / period;
  double deMinSma = deMinSum / period;
  double denominator = deMaxSma + deMinSma;
  if(!ValueReady(deMaxSma) || !MathIsValidNumber(deMaxSma) ||
    !ValueReady(deMinSma) || !MathIsValidNumber(deMinSma) ||
    !ValueReady(denominator) || !MathIsValidNumber(denominator) ||
    denominator == 0.0)
  {
    return EMPTY_VALUE;
  }
  double value = deMaxSma / denominator;
  if(!ValueReady(value) || !MathIsValidNumber(value))
  {
    return EMPTY_VALUE;
  }
  return value;
}

bool Condition1(bool longSide)
{
  int period = InpDeMarker1Period;
  double threshold = InpDeMarker1Threshold;
  // The TS evaluator's below/above comparisons read only the current value at
  // index, which maps to MQL shift 1. DeMarkerValue(1) reaches shift+period,
  // so period+1 keeps the first eligible signal on the same TS bar. Cross
  // comparisons also read shift 2; their rsiCode branch owns that extra
  // previous-value guard below.
  if(period < 1)
  {
    return false;
  }
  if(iTime(_Symbol, _Period, period + 1) == 0)
  {
    return false;
  }
  if(!ValueReady(threshold) || !MathIsValidNumber(threshold) ||
    !(threshold > 0.0) || !(threshold < 1.0))
  {
    return false;
  }
  double previous = DeMarkerValue1(2);
  double current = DeMarkerValue1(1);
  if(!ValueReady(current) || !MathIsValidNumber(current))
  {
    return false;
  }
  if(longSide)
  {
    return ValueReady(previous) && previous > InpDeMarker1Threshold && current <= InpDeMarker1Threshold;
  }
  return ValueReady(previous) && previous < 1.0 - InpDeMarker1Threshold && current >= 1.0 - InpDeMarker1Threshold;
}


bool EntrySignal(bool longSide)
{
  return Condition1(longSide);
}


bool IsNewBar()
{
  datetime currentBarTime = iTime(_Symbol, _Period, 0);
  if(currentBarTime == 0)
  {
    return false;
  }
  if(currentBarTime == lastBarTime)
  {
    return false;
  }
  lastBarTime = currentBarTime;
  return true;
}

bool SelectCurrentPosition()
{
  for(int i = PositionsTotal() - 1; i >= 0; i--)
  {
    ulong ticket = PositionGetTicket(i);
    if(ticket == 0)
    {
      continue;
    }
    if(!PositionSelectByTicket(ticket))
    {
      continue;
    }
    if(PositionGetString(POSITION_SYMBOL) == _Symbol && (int)PositionGetInteger(POSITION_MAGIC) == InpMagicNumber)
    {
      return true;
    }
  }
  return false;
}

void OpenPosition()
{
  double pip = PipPoint();
  double lots = LotSizeForEntry();
  trade.SetExpertMagicNumber(InpMagicNumber);
  trade.SetDeviationInPoints(20);
  if(InpTradeLong)
  {
    double ask = SymbolInfoDouble(_Symbol, SYMBOL_ASK);
    double sl = NormalizeDouble(ask - InpStopLossPips * pip, _Digits);
    double tp = NormalizeDouble(ask + InpTakeProfitPips * pip, _Digits);
    trade.Buy(lots, _Symbol, ask, sl, tp, "FullTestEA");
    return;
  }
  double bid = SymbolInfoDouble(_Symbol, SYMBOL_BID);
  double sl = NormalizeDouble(bid + InpStopLossPips * pip, _Digits);
  double tp = NormalizeDouble(bid - InpTakeProfitPips * pip, _Digits);
  trade.Sell(lots, _Symbol, bid, sl, tp, "FullTestEA");
}

void CloseCurrentPosition()
{
  if(!SelectCurrentPosition())
  {
    return;
  }
  ulong ticket = (ulong)PositionGetInteger(POSITION_TICKET);
  trade.PositionClose(ticket);
}

void ManageTrailingStop()
{
  if(!InpUseTrailingStop || InpTrailingStopPips <= 0)
  {
    return;
  }
  if(!SelectCurrentPosition())
  {
    return;
  }
  double pip = PipPoint();
  ulong ticket = (ulong)PositionGetInteger(POSITION_TICKET);
  double currentSL = PositionGetDouble(POSITION_SL);
  double currentTP = PositionGetDouble(POSITION_TP);
  long positionType = PositionGetInteger(POSITION_TYPE);
  if(positionType == POSITION_TYPE_BUY)
  {
    double bid = SymbolInfoDouble(_Symbol, SYMBOL_BID);
    double nextSL = NormalizeDouble(bid - InpTrailingStopPips * pip, _Digits);
    if((currentSL == 0.0 || nextSL > currentSL) && nextSL < bid)
    {
      trade.PositionModify(ticket, nextSL, currentTP);
    }
    return;
  }
  double ask = SymbolInfoDouble(_Symbol, SYMBOL_ASK);
  double nextSL = NormalizeDouble(ask + InpTrailingStopPips * pip, _Digits);
  if((currentSL == 0.0 || nextSL < currentSL) && nextSL > ask)
  {
    trade.PositionModify(ticket, nextSL, currentTP);
  }
}

void OnTick()
{
  ManageTrailingStop();
  if(!IsNewBar())
  {
    return;
  }
  if(SelectCurrentPosition())
  {
    if(InpCloseOnOppositeSignal && EntrySignal(!InpTradeLong))
    {
      CloseCurrentPosition();
    }
    return;
  }
  if(EntryFiltersAllow() && EntrySignal(InpTradeLong))
  {
    OpenPosition();
  }
}
