#property strict
#property description "FullTestEA"

// Session filter uses broker server time via TimeCurrent(); it is independent of this app's backtest UTC offset.
// In Strategy Tester, economic calendar data can be unavailable. If CalendarValueHistory fails,
// the MQL5 news filter blocks entries while NewsFilterEnable is true.

#include <Trade/Trade.mqh>
CTrade trade;

input int InpLotSizingMode = 0; // 0=fixed lot, 1=fixed risk %, 2=compound balance %
input double InpLots = 0.2;
input double InpInitialBalance = 1000000;
input double InpRiskPercent = 1;
input double InpMaxLots = 100;
input int InpMagicNumber = 67890;
input bool InpTradeLong = true;
input bool InpSessionFilterEnable = true;
input string InpSessionStart = "08:00";
input string InpSessionEnd = "17:30";
input bool NewsFilterEnable = true;
input int NewsBlockMinutes = 45;
input int InpStopLossPips = 25;
input int InpTakeProfitPips = 50;
input bool InpUseTrailingStop = true;
input int InpTrailingStopPips = 15;
input bool InpCloseOnOppositeSignal = true;
input double InpSAR1Step = 0.02;
input double InpSAR1Maximum = 0.2;

datetime lastBarTime = 0;
int sar1Handle = INVALID_HANDLE;

double PipPoint()
{
  if(_Digits == 3 || _Digits == 5)
  {
    return _Point * 10.0;
  }
  return _Point;
}

double NormalizeLots(double lots)
{
  double minLot = SymbolInfoDouble(_Symbol, SYMBOL_VOLUME_MIN);
  double maxLot = SymbolInfoDouble(_Symbol, SYMBOL_VOLUME_MAX);
  double step = SymbolInfoDouble(_Symbol, SYMBOL_VOLUME_STEP);
  if(minLot <= 0.0)
  {
    minLot = 0.01;
  }
  if(maxLot <= 0.0)
  {
    maxLot = lots;
  }
  if(InpMaxLots > 0.0)
  {
    maxLot = MathMin(maxLot, InpMaxLots);
  }
  lots = MathMax(minLot, MathMin(maxLot, lots));
  if(step > 0.0)
  {
    lots = MathFloor(lots / step) * step;
  }
  return NormalizeDouble(lots, 2);
}

double LotSizeForEntry()
{
  if(InpLotSizingMode == 0)
  {
    return NormalizeLots(InpLots);
  }
  // Fixed-risk live sizing uses the current account balance and broker tick value.
  double balance = AccountInfoDouble(ACCOUNT_BALANCE);
  if(InpLotSizingMode == 2)
  {
    if(balance <= 0.0 || InpInitialBalance <= 0.0)
    {
      return NormalizeLots(InpLots);
    }
    return NormalizeLots(InpLots * balance / InpInitialBalance);
  }
  if(InpRiskPercent <= 0.0 || InpStopLossPips <= 0)
  {
    return NormalizeLots(InpLots);
  }
  double tickValue = SymbolInfoDouble(_Symbol, SYMBOL_TRADE_TICK_VALUE);
  double tickSize = SymbolInfoDouble(_Symbol, SYMBOL_TRADE_TICK_SIZE);
  double pipValuePerLot = tickSize > 0.0 ? tickValue * (PipPoint() / tickSize) : 0.0;
  if(balance <= 0.0 || pipValuePerLot <= 0.0)
  {
    return NormalizeLots(InpLots);
  }
  double riskAmount = balance * InpRiskPercent / 100.0;
  double spreadPips = (double)SymbolInfoInteger(_Symbol, SYMBOL_SPREAD) * _Point / PipPoint();
  double riskPips = InpStopLossPips + MathMax(0.0, spreadPips);
  return NormalizeLots(riskAmount / (riskPips * pipValuePerLot));
}

bool ValueReady(double value)
{
  return value != EMPTY_VALUE && value == value;
}

bool CrossedAbove(double previousFast, double previousSlow, double currentFast, double currentSlow)
{
  return previousFast <= previousSlow && currentFast > currentSlow;
}

bool CrossedBelow(double previousFast, double previousSlow, double currentFast, double currentSlow)
{
  return previousFast >= previousSlow && currentFast < currentSlow;
}

int TimeTextToMinutes(string value)
{
  int separator = StringFind(value, ":");
  if(separator < 0)
  {
    return 0;
  }
  int hour = (int)StringToInteger(StringSubstr(value, 0, separator));
  int minute = (int)StringToInteger(StringSubstr(value, separator + 1));
  if(hour < 0)
  {
    hour = 0;
  }
  if(hour > 23)
  {
    hour = 23;
  }
  if(minute < 0)
  {
    minute = 0;
  }
  if(minute > 59)
  {
    minute = 59;
  }
  return hour * 60 + minute;
}

bool IsInTradingSession()
{
  if(!InpSessionFilterEnable)
  {
    return true;
  }
  MqlDateTime current;
  TimeToStruct(TimeCurrent(), current);
  int nowMinutes = current.hour * 60 + current.min;
  int startMinutes = TimeTextToMinutes(InpSessionStart);
  int endMinutes = TimeTextToMinutes(InpSessionEnd);
  if(startMinutes == endMinutes)
  {
    return true;
  }
  if(startMinutes < endMinutes)
  {
    return nowMinutes >= startMinutes && nowMinutes < endMinutes;
  }
  return nowMinutes >= startMinutes || nowMinutes < endMinutes;
}

string BaseCurrency()
{
  if(StringLen(_Symbol) < 6)
  {
    return "";
  }
  return StringSubstr(_Symbol, 0, 3);
}

string QuoteCurrency()
{
  if(StringLen(_Symbol) < 6)
  {
    return "";
  }
  return StringSubstr(_Symbol, 3, 3);
}

bool CurrencyHasHighImpactNews(string currency, datetime fromTime, datetime toTime)
{
  if(currency == "")
  {
    return false;
  }
  MqlCalendarValue values[];
  ResetLastError();
  if(!CalendarValueHistory(values, fromTime, toTime, NULL, currency))
  {
    return true;
  }
  int count = ArraySize(values);
  if(count <= 0)
  {
    return false;
  }
  for(int i = 0; i < count; i++)
  {
    MqlCalendarEvent eventInfo;
    if(CalendarEventById(values[i].event_id, eventInfo) && eventInfo.importance == CALENDAR_IMPORTANCE_HIGH)
    {
      return true;
    }
  }
  return false;
}

bool IsHighImpactNewsWindow()
{
  if(!NewsFilterEnable || NewsBlockMinutes <= 0)
  {
    return false;
  }
  datetime nowTime = TimeCurrent();
  datetime fromTime = nowTime - NewsBlockMinutes * 60;
  datetime toTime = nowTime + NewsBlockMinutes * 60;
  return CurrencyHasHighImpactNews(BaseCurrency(), fromTime, toTime) ||
    CurrencyHasHighImpactNews(QuoteCurrency(), fromTime, toTime);
}

bool EntryFiltersAllow()
{
  return IsInTradingSession() && !IsHighImpactNewsWindow();
}

bool EnsureIndicator(int handle, string label)
{
  if(handle != INVALID_HANDLE)
  {
    return true;
  }
  Print(label, " handle creation failed: ", GetLastError());
  return false;
}

void ReleaseIndicator(int &handle)
{
  if(handle == INVALID_HANDLE)
  {
    return;
  }
  IndicatorRelease(handle);
  handle = INVALID_HANDLE;
}

double BufferValue(int handle, int bufferIndex, int shift)
{
  if(handle == INVALID_HANDLE)
  {
    return EMPTY_VALUE;
  }
  double values[];
  ArraySetAsSeries(values, true);
  int copied = CopyBuffer(handle, bufferIndex, shift, 1, values);
  if(copied <= 0)
  {
    return EMPTY_VALUE;
  }
  return values[0];
}

int OnInit()
{
  if(InpSAR1Step < 0.02)
  {
    Print("SAR1 warning: step below 0.02 is outside the evaluator registration domain");
  }
  if(!MathIsValidNumber(InpSAR1Step) || !MathIsValidNumber(InpSAR1Maximum) || InpSAR1Step <= 0.0 || InpSAR1Maximum < InpSAR1Step)
  {
    Print("SAR1 rejected: step must be > 0 and maximum must be >= step");
    return INIT_FAILED;
  }
  sar1Handle = iSAR(_Symbol, _Period, InpSAR1Step, InpSAR1Maximum);
  if(!EnsureIndicator(sar1Handle, "SAR1"))
  {
    return INIT_FAILED;
  }
  return INIT_SUCCEEDED;
}

void OnDeinit(const int reason)
{
  ReleaseIndicator(sar1Handle);
}



// Parabolic SAR parity: the TypeScript evaluator starts SHORT and flips to LONG
// when the SAR is strictly below the current high; it flips to SHORT when the
// SAR is strictly above the current low. Native iSAR places the flip value on
// the current low/high, so both platforms reconstruct the post-flip direction
// with the same strict rule: LONG iff SAR < high, otherwise SHORT. Entry flips
// are then the same two-point comparison of previous and current direction.
// The TypeScript evaluator exposes SAR only after two reversals and 100 bars
// from the first reversal. Native iSAR is seeded from full history, so the
// generated scan below applies the equivalent reversal-count/bar-distance gate.

bool SarDirectionIsLong1(double sar, double high, double low)
{
  // MT SAR's invariant is that a long-state SAR is at or below the candle's
  // low, while a short-state SAR is at or above its high. Therefore the
  // evaluator's direction is reconstructed by one strict comparison: LONG
  // iff SAR < high; equality is the short-side boundary.
  return sar < high;
}

bool SarWarmupReady1(int signalShift)
{

  static datetime cachedBarTime = 0;
  static bool cachedResult = false;
  datetime currentBarTime = iTime(_Symbol, _Period, 0);
  if(currentBarTime == 0)
  {
    return false;
  }
  if(cachedBarTime == currentBarTime)
  {
    return cachedResult;
  }
  cachedBarTime = currentBarTime;
  // Cache failures as well: the same chart bar must not rescan full history.
  cachedResult = false;
  int totalBars = Bars(_Symbol, _Period);
  if(totalBars <= signalShift + 1)
  {
    return false;
  }
  int firstReversalShift = -1;
  int reversalCount = 0;
  bool previousIsLong = false;
  bool hasPrevious = false;
  for(int shift = totalBars - 1; shift >= signalShift + 1; shift--)
  {
    if(iTime(_Symbol, _Period, shift) == 0)
    {
      return false;
    }
    double sar = BufferValue(sar1Handle, 0, shift);
    double high = iHigh(_Symbol, _Period, shift);
    double low = iLow(_Symbol, _Period, shift);
    if(!ValueReady(sar) || !MathIsValidNumber(sar) || !ValueReady(high) || !MathIsValidNumber(high) ||
      !ValueReady(low) || !MathIsValidNumber(low))
    {
      return false;
    }
    // MT4 iSAR/iHigh return 0.0 for missing history. FX prices and SAR are
    // strictly positive, so exact zero is unambiguously unavailable data and
    // must not be allowed to turn into a false LONG direction.
    if(!(sar > 0.0 && high > 0.0 && low > 0.0))
    {
      return false;
    }
    bool currentIsLong = SarDirectionIsLong1(sar, high, low);
    if(!hasPrevious)
    {
      // The TypeScript evaluator seeds its first SAR state as SHORT.
      hasPrevious = true;
      continue;
    }
    if(currentIsLong != previousIsLong)
    {
      reversalCount++;
      if(firstReversalShift < 0)
      {
        firstReversalShift = shift;
      }
    }
    previousIsLong = currentIsLong;
    if(reversalCount >= 2)
    {
      // firstReversalShift is already latched; Condition1 rechecks
      // shifts 2 and 1. Stop after the second reversal to keep this per-bar
      // scan bounded without changing the warm-up meaning. Data validation of
      // bars newer than the second reversal is intentionally dropped here;
      // the signal bars themselves are revalidated in Condition1.
      break;
    }
  }
  if(reversalCount < 2 || firstReversalShift < 0)
  {
    return false;
  }
  // The TS signal needs both index-1 and index, so a reversal on signalShift
  // itself is not countable. Require the older point to be at least
  // 100 bars after the first reversal (interpolated
  // from indicators.ts so the TS gate and the generated EA cannot drift).
  cachedResult = firstReversalShift - (signalShift + 1) >= 100;
  return cachedResult;
}

bool Condition1(bool longSide)
{
  double step = InpSAR1Step;
  double maximum = InpSAR1Maximum;
  // This is exactly the TS evaluator's fail-closed domain. Registration adds
  // step >= 0.02 and both values < 1; those are pipeline policy, not evaluator
  // semantics, so the generated EA intentionally rejects only this domain.
  if(!MathIsValidNumber(step) || !MathIsValidNumber(maximum) || step <= 0.0 || maximum < step)
  {
    return false;
  }
  if(!SarWarmupReady1(1))
  {
    return false;
  }
  double previousSar = BufferValue(sar1Handle, 0, 2);
  double currentSar = BufferValue(sar1Handle, 0, 1);
  double previousHigh = iHigh(_Symbol, _Period, 2);
  double currentHigh = iHigh(_Symbol, _Period, 1);
  double previousLow = iLow(_Symbol, _Period, 2);
  double currentLow = iLow(_Symbol, _Period, 1);
  if(!ValueReady(previousSar) || !MathIsValidNumber(previousSar) ||
    !ValueReady(currentSar) || !MathIsValidNumber(currentSar) ||
    !ValueReady(previousHigh) || !MathIsValidNumber(previousHigh) ||
    !ValueReady(currentHigh) || !MathIsValidNumber(currentHigh) ||
    !ValueReady(previousLow) || !MathIsValidNumber(previousLow) ||
    !ValueReady(currentLow) || !MathIsValidNumber(currentLow))
  {
    return false;
  }
  if(!(previousSar > 0.0 && currentSar > 0.0 && previousHigh > 0.0 && currentHigh > 0.0 &&
    previousLow > 0.0 && currentLow > 0.0))
  {
    return false;
  }
  bool previousIsLong = SarDirectionIsLong1(previousSar, previousHigh, previousLow);
  bool currentIsLong = SarDirectionIsLong1(currentSar, currentHigh, currentLow);
  if(longSide)
  {
    return !previousIsLong && currentIsLong;
  }
  return previousIsLong && !currentIsLong;
}


bool EntrySignal(bool longSide)
{
  return Condition1(longSide);
}


bool IsNewBar()
{
  datetime currentBarTime = iTime(_Symbol, _Period, 0);
  if(currentBarTime == 0)
  {
    return false;
  }
  if(currentBarTime == lastBarTime)
  {
    return false;
  }
  lastBarTime = currentBarTime;
  return true;
}

bool SelectCurrentPosition()
{
  for(int i = PositionsTotal() - 1; i >= 0; i--)
  {
    ulong ticket = PositionGetTicket(i);
    if(ticket == 0)
    {
      continue;
    }
    if(!PositionSelectByTicket(ticket))
    {
      continue;
    }
    if(PositionGetString(POSITION_SYMBOL) == _Symbol && (int)PositionGetInteger(POSITION_MAGIC) == InpMagicNumber)
    {
      return true;
    }
  }
  return false;
}

void OpenPosition()
{
  double pip = PipPoint();
  double lots = LotSizeForEntry();
  trade.SetExpertMagicNumber(InpMagicNumber);
  trade.SetDeviationInPoints(20);
  if(InpTradeLong)
  {
    double ask = SymbolInfoDouble(_Symbol, SYMBOL_ASK);
    double sl = NormalizeDouble(ask - InpStopLossPips * pip, _Digits);
    double tp = NormalizeDouble(ask + InpTakeProfitPips * pip, _Digits);
    trade.Buy(lots, _Symbol, ask, sl, tp, "FullTestEA");
    return;
  }
  double bid = SymbolInfoDouble(_Symbol, SYMBOL_BID);
  double sl = NormalizeDouble(bid + InpStopLossPips * pip, _Digits);
  double tp = NormalizeDouble(bid - InpTakeProfitPips * pip, _Digits);
  trade.Sell(lots, _Symbol, bid, sl, tp, "FullTestEA");
}

void CloseCurrentPosition()
{
  if(!SelectCurrentPosition())
  {
    return;
  }
  ulong ticket = (ulong)PositionGetInteger(POSITION_TICKET);
  trade.PositionClose(ticket);
}

void ManageTrailingStop()
{
  if(!InpUseTrailingStop || InpTrailingStopPips <= 0)
  {
    return;
  }
  if(!SelectCurrentPosition())
  {
    return;
  }
  double pip = PipPoint();
  ulong ticket = (ulong)PositionGetInteger(POSITION_TICKET);
  double currentSL = PositionGetDouble(POSITION_SL);
  double currentTP = PositionGetDouble(POSITION_TP);
  long positionType = PositionGetInteger(POSITION_TYPE);
  if(positionType == POSITION_TYPE_BUY)
  {
    double bid = SymbolInfoDouble(_Symbol, SYMBOL_BID);
    double nextSL = NormalizeDouble(bid - InpTrailingStopPips * pip, _Digits);
    if((currentSL == 0.0 || nextSL > currentSL) && nextSL < bid)
    {
      trade.PositionModify(ticket, nextSL, currentTP);
    }
    return;
  }
  double ask = SymbolInfoDouble(_Symbol, SYMBOL_ASK);
  double nextSL = NormalizeDouble(ask + InpTrailingStopPips * pip, _Digits);
  if((currentSL == 0.0 || nextSL < currentSL) && nextSL > ask)
  {
    trade.PositionModify(ticket, nextSL, currentTP);
  }
}

void OnTick()
{
  ManageTrailingStop();
  if(!IsNewBar())
  {
    return;
  }
  if(SelectCurrentPosition())
  {
    if(InpCloseOnOppositeSignal && EntrySignal(!InpTradeLong))
    {
      CloseCurrentPosition();
    }
    return;
  }
  if(EntryFiltersAllow() && EntrySignal(InpTradeLong))
  {
    OpenPosition();
  }
}
