#property strict
#property description "FullTestEA"

// Session filter uses broker server time via TimeCurrent(); it is independent of this app's backtest UTC offset.
// In Strategy Tester, economic calendar data can be unavailable. If CalendarValueHistory fails,
// the MQL5 news filter blocks entries while NewsFilterEnable is true.

#include <Trade/Trade.mqh>
CTrade trade;

input int InpLotSizingMode = 0; // 0=fixed lot, 1=fixed risk %, 2=compound balance %
input double InpLots = 0.2;
input double InpInitialBalance = 1000000;
input double InpRiskPercent = 1;
input double InpMaxLots = 100;
input int InpMagicNumber = 67890;
input bool InpTradeLong = true;
input bool InpSessionFilterEnable = true;
input string InpSessionStart = "08:00";
input string InpSessionEnd = "17:30";
input bool NewsFilterEnable = true;
input int NewsBlockMinutes = 45;
input int InpStopLossPips = 25;
input int InpTakeProfitPips = 50;
input bool InpUseTrailingStop = true;
input int InpTrailingStopPips = 15;
input bool InpCloseOnOppositeSignal = true;
input int InpEnvelope1Period = 14;
input double InpEnvelope1Deviation = 0.1;

datetime lastBarTime = 0;


double PipPoint()
{
  if(_Digits == 3 || _Digits == 5)
  {
    return _Point * 10.0;
  }
  return _Point;
}

double NormalizeLots(double lots)
{
  double minLot = SymbolInfoDouble(_Symbol, SYMBOL_VOLUME_MIN);
  double maxLot = SymbolInfoDouble(_Symbol, SYMBOL_VOLUME_MAX);
  double step = SymbolInfoDouble(_Symbol, SYMBOL_VOLUME_STEP);
  if(minLot <= 0.0)
  {
    minLot = 0.01;
  }
  if(maxLot <= 0.0)
  {
    maxLot = lots;
  }
  if(InpMaxLots > 0.0)
  {
    maxLot = MathMin(maxLot, InpMaxLots);
  }
  lots = MathMax(minLot, MathMin(maxLot, lots));
  if(step > 0.0)
  {
    lots = MathFloor(lots / step) * step;
  }
  return NormalizeDouble(lots, 2);
}

double LotSizeForEntry()
{
  if(InpLotSizingMode == 0)
  {
    return NormalizeLots(InpLots);
  }
  // Fixed-risk live sizing uses the current account balance and broker tick value.
  double balance = AccountInfoDouble(ACCOUNT_BALANCE);
  if(InpLotSizingMode == 2)
  {
    if(balance <= 0.0 || InpInitialBalance <= 0.0)
    {
      return NormalizeLots(InpLots);
    }
    return NormalizeLots(InpLots * balance / InpInitialBalance);
  }
  if(InpRiskPercent <= 0.0 || InpStopLossPips <= 0)
  {
    return NormalizeLots(InpLots);
  }
  double tickValue = SymbolInfoDouble(_Symbol, SYMBOL_TRADE_TICK_VALUE);
  double tickSize = SymbolInfoDouble(_Symbol, SYMBOL_TRADE_TICK_SIZE);
  double pipValuePerLot = tickSize > 0.0 ? tickValue * (PipPoint() / tickSize) : 0.0;
  if(balance <= 0.0 || pipValuePerLot <= 0.0)
  {
    return NormalizeLots(InpLots);
  }
  double riskAmount = balance * InpRiskPercent / 100.0;
  double spreadPips = (double)SymbolInfoInteger(_Symbol, SYMBOL_SPREAD) * _Point / PipPoint();
  double riskPips = InpStopLossPips + MathMax(0.0, spreadPips);
  return NormalizeLots(riskAmount / (riskPips * pipValuePerLot));
}

bool ValueReady(double value)
{
  return value != EMPTY_VALUE && value == value;
}

bool CrossedAbove(double previousFast, double previousSlow, double currentFast, double currentSlow)
{
  return previousFast <= previousSlow && currentFast > currentSlow;
}

bool CrossedBelow(double previousFast, double previousSlow, double currentFast, double currentSlow)
{
  return previousFast >= previousSlow && currentFast < currentSlow;
}

int TimeTextToMinutes(string value)
{
  int separator = StringFind(value, ":");
  if(separator < 0)
  {
    return 0;
  }
  int hour = (int)StringToInteger(StringSubstr(value, 0, separator));
  int minute = (int)StringToInteger(StringSubstr(value, separator + 1));
  if(hour < 0)
  {
    hour = 0;
  }
  if(hour > 23)
  {
    hour = 23;
  }
  if(minute < 0)
  {
    minute = 0;
  }
  if(minute > 59)
  {
    minute = 59;
  }
  return hour * 60 + minute;
}

bool IsInTradingSession()
{
  if(!InpSessionFilterEnable)
  {
    return true;
  }
  MqlDateTime current;
  TimeToStruct(TimeCurrent(), current);
  int nowMinutes = current.hour * 60 + current.min;
  int startMinutes = TimeTextToMinutes(InpSessionStart);
  int endMinutes = TimeTextToMinutes(InpSessionEnd);
  if(startMinutes == endMinutes)
  {
    return true;
  }
  if(startMinutes < endMinutes)
  {
    return nowMinutes >= startMinutes && nowMinutes < endMinutes;
  }
  return nowMinutes >= startMinutes || nowMinutes < endMinutes;
}

string BaseCurrency()
{
  if(StringLen(_Symbol) < 6)
  {
    return "";
  }
  return StringSubstr(_Symbol, 0, 3);
}

string QuoteCurrency()
{
  if(StringLen(_Symbol) < 6)
  {
    return "";
  }
  return StringSubstr(_Symbol, 3, 3);
}

bool CurrencyHasHighImpactNews(string currency, datetime fromTime, datetime toTime)
{
  if(currency == "")
  {
    return false;
  }
  MqlCalendarValue values[];
  ResetLastError();
  if(!CalendarValueHistory(values, fromTime, toTime, NULL, currency))
  {
    return true;
  }
  int count = ArraySize(values);
  if(count <= 0)
  {
    return false;
  }
  for(int i = 0; i < count; i++)
  {
    MqlCalendarEvent eventInfo;
    if(CalendarEventById(values[i].event_id, eventInfo) && eventInfo.importance == CALENDAR_IMPORTANCE_HIGH)
    {
      return true;
    }
  }
  return false;
}

bool IsHighImpactNewsWindow()
{
  if(!NewsFilterEnable || NewsBlockMinutes <= 0)
  {
    return false;
  }
  datetime nowTime = TimeCurrent();
  datetime fromTime = nowTime - NewsBlockMinutes * 60;
  datetime toTime = nowTime + NewsBlockMinutes * 60;
  return CurrencyHasHighImpactNews(BaseCurrency(), fromTime, toTime) ||
    CurrencyHasHighImpactNews(QuoteCurrency(), fromTime, toTime);
}

bool EntryFiltersAllow()
{
  return IsInTradingSession() && !IsHighImpactNewsWindow();
}

bool EnsureIndicator(int handle, string label)
{
  if(handle != INVALID_HANDLE)
  {
    return true;
  }
  Print(label, " handle creation failed: ", GetLastError());
  return false;
}

void ReleaseIndicator(int &handle)
{
  if(handle == INVALID_HANDLE)
  {
    return;
  }
  IndicatorRelease(handle);
  handle = INVALID_HANDLE;
}

double BufferValue(int handle, int bufferIndex, int shift)
{
  if(handle == INVALID_HANDLE)
  {
    return EMPTY_VALUE;
  }
  double values[];
  ArraySetAsSeries(values, true);
  int copied = CopyBuffer(handle, bufferIndex, shift, 1, values);
  if(copied <= 0)
  {
    return EMPTY_VALUE;
  }
  return values[0];
}

int OnInit()
{

  return INIT_SUCCEEDED;
}

void OnDeinit(const int reason)
{

}



// Envelope parity: the native iEnvelopes buffer is intentionally not used.
// The adopted official implementation is SMA(CLOSE, period) *
// (1 +/- deviation / 100.0), with deviation expressed as a percentage.
// MetaQuotes Envelopes.mq5: https://www.mql5.com/en/code/28
// The terminal help's /1000 formula conflicts with that source implementation;
// this generated calculation follows the source and mirrors TS operation order.
double EnvelopeSma1(int shift)
{
  int period = InpEnvelope1Period;
  if(period < 2 || period > 1000)
  {
    return EMPTY_VALUE;
  }
  if(iTime(_Symbol, _Period, shift + period) == 0)
  {
    return EMPTY_VALUE;
  }
  double sum = 0.0;
  // Descending MQL shifts visit the SMA window oldest-to-newest, matching the
  // TypeScript envelope() accumulation order before division by period.
  for(int offset = period - 1; offset >= 0; offset--)
  {
    double close = iClose(_Symbol, _Period, shift + offset);
    if(!ValueReady(close) || !MathIsValidNumber(close))
    {
      return EMPTY_VALUE;
    }
    sum += close;
  }
  if(!MathIsValidNumber(sum))
  {
    return EMPTY_VALUE;
  }
  double value = sum / period;
  if(!ValueReady(value) || !MathIsValidNumber(value))
  {
    return EMPTY_VALUE;
  }
  return value;
}

double EnvelopeUpper1(int shift)
{
  double middle = EnvelopeSma1(shift);
  double deviation = InpEnvelope1Deviation;
  if(!ValueReady(middle) || !MathIsValidNumber(middle) ||
    !MathIsValidNumber(deviation) || !(deviation > 0.0))
  {
    return EMPTY_VALUE;
  }
  double value = middle * (1.0 + deviation / 100.0);
  if(!ValueReady(value) || !MathIsValidNumber(value))
  {
    return EMPTY_VALUE;
  }
  return value;
}

double EnvelopeLower1(int shift)
{
  double middle = EnvelopeSma1(shift);
  double deviation = InpEnvelope1Deviation;
  if(!ValueReady(middle) || !MathIsValidNumber(middle) ||
    !MathIsValidNumber(deviation) || !(deviation > 0.0))
  {
    return EMPTY_VALUE;
  }
  double value = middle * (1.0 - deviation / 100.0);
  if(!ValueReady(value) || !MathIsValidNumber(value))
  {
    return EMPTY_VALUE;
  }
  return value;
}

bool Condition1(bool longSide)
{
  int period = InpEnvelope1Period;
  double deviation = InpEnvelope1Deviation;
  int signalShift = 1;
  if(period < 2 || period > 1000 || !MathIsValidNumber(deviation) || !(deviation > 0.0))
  {
    return false;
  }
  // The current envelope requires history through period + signalShift; the
  // previous envelope requires history through period + signalShift + 1.
  // Keep both gates explicit so the two-point cross cannot read a warm-up bar.
  if(iTime(_Symbol, _Period, period + signalShift) == 0)
  {
    return false;
  }
  if(iTime(_Symbol, _Period, period + signalShift + 1) == 0)
  {
    return false;
  }
  double previousUpper = EnvelopeUpper1(signalShift + 1);
  double currentUpper = EnvelopeUpper1(signalShift);
  double previousLower = EnvelopeLower1(signalShift + 1);
  double currentLower = EnvelopeLower1(signalShift);
  double previousClose = iClose(_Symbol, _Period, signalShift + 1);
  double currentClose = iClose(_Symbol, _Period, signalShift);
  if(!ValueReady(previousUpper) || !MathIsValidNumber(previousUpper) ||
    !ValueReady(currentUpper) || !MathIsValidNumber(currentUpper) ||
    !ValueReady(previousLower) || !MathIsValidNumber(previousLower) ||
    !ValueReady(currentLower) || !MathIsValidNumber(currentLower) ||
    !ValueReady(previousClose) || !MathIsValidNumber(previousClose) ||
    !ValueReady(currentClose) || !MathIsValidNumber(currentClose))
  {
    return false;
  }
  if(longSide)
  {
    return previousClose <= previousUpper && currentClose > currentUpper;
  }
  return previousClose >= previousLower && currentClose < currentLower;
}


bool EntrySignal(bool longSide)
{
  return Condition1(longSide);
}


bool IsNewBar()
{
  datetime currentBarTime = iTime(_Symbol, _Period, 0);
  if(currentBarTime == 0)
  {
    return false;
  }
  if(currentBarTime == lastBarTime)
  {
    return false;
  }
  lastBarTime = currentBarTime;
  return true;
}

bool SelectCurrentPosition()
{
  for(int i = PositionsTotal() - 1; i >= 0; i--)
  {
    ulong ticket = PositionGetTicket(i);
    if(ticket == 0)
    {
      continue;
    }
    if(!PositionSelectByTicket(ticket))
    {
      continue;
    }
    if(PositionGetString(POSITION_SYMBOL) == _Symbol && (int)PositionGetInteger(POSITION_MAGIC) == InpMagicNumber)
    {
      return true;
    }
  }
  return false;
}

void OpenPosition()
{
  double pip = PipPoint();
  double lots = LotSizeForEntry();
  trade.SetExpertMagicNumber(InpMagicNumber);
  trade.SetDeviationInPoints(20);
  if(InpTradeLong)
  {
    double ask = SymbolInfoDouble(_Symbol, SYMBOL_ASK);
    double sl = NormalizeDouble(ask - InpStopLossPips * pip, _Digits);
    double tp = NormalizeDouble(ask + InpTakeProfitPips * pip, _Digits);
    trade.Buy(lots, _Symbol, ask, sl, tp, "FullTestEA");
    return;
  }
  double bid = SymbolInfoDouble(_Symbol, SYMBOL_BID);
  double sl = NormalizeDouble(bid + InpStopLossPips * pip, _Digits);
  double tp = NormalizeDouble(bid - InpTakeProfitPips * pip, _Digits);
  trade.Sell(lots, _Symbol, bid, sl, tp, "FullTestEA");
}

void CloseCurrentPosition()
{
  if(!SelectCurrentPosition())
  {
    return;
  }
  ulong ticket = (ulong)PositionGetInteger(POSITION_TICKET);
  trade.PositionClose(ticket);
}

void ManageTrailingStop()
{
  if(!InpUseTrailingStop || InpTrailingStopPips <= 0)
  {
    return;
  }
  if(!SelectCurrentPosition())
  {
    return;
  }
  double pip = PipPoint();
  ulong ticket = (ulong)PositionGetInteger(POSITION_TICKET);
  double currentSL = PositionGetDouble(POSITION_SL);
  double currentTP = PositionGetDouble(POSITION_TP);
  long positionType = PositionGetInteger(POSITION_TYPE);
  if(positionType == POSITION_TYPE_BUY)
  {
    double bid = SymbolInfoDouble(_Symbol, SYMBOL_BID);
    double nextSL = NormalizeDouble(bid - InpTrailingStopPips * pip, _Digits);
    if((currentSL == 0.0 || nextSL > currentSL) && nextSL < bid)
    {
      trade.PositionModify(ticket, nextSL, currentTP);
    }
    return;
  }
  double ask = SymbolInfoDouble(_Symbol, SYMBOL_ASK);
  double nextSL = NormalizeDouble(ask + InpTrailingStopPips * pip, _Digits);
  if((currentSL == 0.0 || nextSL < currentSL) && nextSL > ask)
  {
    trade.PositionModify(ticket, nextSL, currentTP);
  }
}

void OnTick()
{
  ManageTrailingStop();
  if(!IsNewBar())
  {
    return;
  }
  if(SelectCurrentPosition())
  {
    if(InpCloseOnOppositeSignal && EntrySignal(!InpTradeLong))
    {
      CloseCurrentPosition();
    }
    return;
  }
  if(EntryFiltersAllow() && EntrySignal(InpTradeLong))
  {
    OpenPosition();
  }
}
