#property strict
#property description "FullTestEA"

// Session filter uses broker server time via TimeCurrent(); it is independent of this app's backtest UTC offset.
// In Strategy Tester, economic calendar data can be unavailable. If CalendarValueHistory fails,
// the MQL5 news filter blocks entries while NewsFilterEnable is true.

#include <Trade/Trade.mqh>
CTrade trade;

input int InpLotSizingMode = 0; // 0=fixed lot, 1=fixed risk %, 2=compound balance %
input double InpLots = 0.2;
input double InpInitialBalance = 1000000;
input double InpRiskPercent = 1;
input double InpMaxLots = 100;
input int InpMagicNumber = 67890;
input bool InpTradeLong = true;
input bool InpSessionFilterEnable = true;
input string InpSessionStart = "08:00";
input string InpSessionEnd = "17:30";
input bool NewsFilterEnable = true;
input int NewsBlockMinutes = 45;
input int InpStopLossPips = 25;
input int InpTakeProfitPips = 50;
input bool InpUseTrailingStop = true;
input int InpTrailingStopPips = 15;
input bool InpCloseOnOppositeSignal = true;
input int InpAO1FastPeriod = 5;
input int InpAO1SlowPeriod = 34;

datetime lastBarTime = 0;


double PipPoint()
{
  if(_Digits == 3 || _Digits == 5)
  {
    return _Point * 10.0;
  }
  return _Point;
}

double NormalizeLots(double lots)
{
  double minLot = SymbolInfoDouble(_Symbol, SYMBOL_VOLUME_MIN);
  double maxLot = SymbolInfoDouble(_Symbol, SYMBOL_VOLUME_MAX);
  double step = SymbolInfoDouble(_Symbol, SYMBOL_VOLUME_STEP);
  if(minLot <= 0.0)
  {
    minLot = 0.01;
  }
  if(maxLot <= 0.0)
  {
    maxLot = lots;
  }
  if(InpMaxLots > 0.0)
  {
    maxLot = MathMin(maxLot, InpMaxLots);
  }
  lots = MathMax(minLot, MathMin(maxLot, lots));
  if(step > 0.0)
  {
    lots = MathFloor(lots / step) * step;
  }
  return NormalizeDouble(lots, 2);
}

double LotSizeForEntry()
{
  if(InpLotSizingMode == 0)
  {
    return NormalizeLots(InpLots);
  }
  // Fixed-risk live sizing uses the current account balance and broker tick value.
  double balance = AccountInfoDouble(ACCOUNT_BALANCE);
  if(InpLotSizingMode == 2)
  {
    if(balance <= 0.0 || InpInitialBalance <= 0.0)
    {
      return NormalizeLots(InpLots);
    }
    return NormalizeLots(InpLots * balance / InpInitialBalance);
  }
  if(InpRiskPercent <= 0.0 || InpStopLossPips <= 0)
  {
    return NormalizeLots(InpLots);
  }
  double tickValue = SymbolInfoDouble(_Symbol, SYMBOL_TRADE_TICK_VALUE);
  double tickSize = SymbolInfoDouble(_Symbol, SYMBOL_TRADE_TICK_SIZE);
  double pipValuePerLot = tickSize > 0.0 ? tickValue * (PipPoint() / tickSize) : 0.0;
  if(balance <= 0.0 || pipValuePerLot <= 0.0)
  {
    return NormalizeLots(InpLots);
  }
  double riskAmount = balance * InpRiskPercent / 100.0;
  double spreadPips = (double)SymbolInfoInteger(_Symbol, SYMBOL_SPREAD) * _Point / PipPoint();
  double riskPips = InpStopLossPips + MathMax(0.0, spreadPips);
  return NormalizeLots(riskAmount / (riskPips * pipValuePerLot));
}

bool ValueReady(double value)
{
  return value != EMPTY_VALUE && value == value;
}

bool CrossedAbove(double previousFast, double previousSlow, double currentFast, double currentSlow)
{
  return previousFast <= previousSlow && currentFast > currentSlow;
}

bool CrossedBelow(double previousFast, double previousSlow, double currentFast, double currentSlow)
{
  return previousFast >= previousSlow && currentFast < currentSlow;
}

int TimeTextToMinutes(string value)
{
  int separator = StringFind(value, ":");
  if(separator < 0)
  {
    return 0;
  }
  int hour = (int)StringToInteger(StringSubstr(value, 0, separator));
  int minute = (int)StringToInteger(StringSubstr(value, separator + 1));
  if(hour < 0)
  {
    hour = 0;
  }
  if(hour > 23)
  {
    hour = 23;
  }
  if(minute < 0)
  {
    minute = 0;
  }
  if(minute > 59)
  {
    minute = 59;
  }
  return hour * 60 + minute;
}

bool IsInTradingSession()
{
  if(!InpSessionFilterEnable)
  {
    return true;
  }
  MqlDateTime current;
  TimeToStruct(TimeCurrent(), current);
  int nowMinutes = current.hour * 60 + current.min;
  int startMinutes = TimeTextToMinutes(InpSessionStart);
  int endMinutes = TimeTextToMinutes(InpSessionEnd);
  if(startMinutes == endMinutes)
  {
    return true;
  }
  if(startMinutes < endMinutes)
  {
    return nowMinutes >= startMinutes && nowMinutes < endMinutes;
  }
  return nowMinutes >= startMinutes || nowMinutes < endMinutes;
}

string BaseCurrency()
{
  if(StringLen(_Symbol) < 6)
  {
    return "";
  }
  return StringSubstr(_Symbol, 0, 3);
}

string QuoteCurrency()
{
  if(StringLen(_Symbol) < 6)
  {
    return "";
  }
  return StringSubstr(_Symbol, 3, 3);
}

bool CurrencyHasHighImpactNews(string currency, datetime fromTime, datetime toTime)
{
  if(currency == "")
  {
    return false;
  }
  MqlCalendarValue values[];
  ResetLastError();
  if(!CalendarValueHistory(values, fromTime, toTime, NULL, currency))
  {
    return true;
  }
  int count = ArraySize(values);
  if(count <= 0)
  {
    return false;
  }
  for(int i = 0; i < count; i++)
  {
    MqlCalendarEvent eventInfo;
    if(CalendarEventById(values[i].event_id, eventInfo) && eventInfo.importance == CALENDAR_IMPORTANCE_HIGH)
    {
      return true;
    }
  }
  return false;
}

bool IsHighImpactNewsWindow()
{
  if(!NewsFilterEnable || NewsBlockMinutes <= 0)
  {
    return false;
  }
  datetime nowTime = TimeCurrent();
  datetime fromTime = nowTime - NewsBlockMinutes * 60;
  datetime toTime = nowTime + NewsBlockMinutes * 60;
  return CurrencyHasHighImpactNews(BaseCurrency(), fromTime, toTime) ||
    CurrencyHasHighImpactNews(QuoteCurrency(), fromTime, toTime);
}

bool EntryFiltersAllow()
{
  return IsInTradingSession() && !IsHighImpactNewsWindow();
}

bool EnsureIndicator(int handle, string label)
{
  if(handle != INVALID_HANDLE)
  {
    return true;
  }
  Print(label, " handle creation failed: ", GetLastError());
  return false;
}

void ReleaseIndicator(int &handle)
{
  if(handle == INVALID_HANDLE)
  {
    return;
  }
  IndicatorRelease(handle);
  handle = INVALID_HANDLE;
}

double BufferValue(int handle, int bufferIndex, int shift)
{
  if(handle == INVALID_HANDLE)
  {
    return EMPTY_VALUE;
  }
  double values[];
  ArraySetAsSeries(values, true);
  int copied = CopyBuffer(handle, bufferIndex, shift, 1, values);
  if(copied <= 0)
  {
    return EMPTY_VALUE;
  }
  return values[0];
}

int OnInit()
{
  if(InpAO1FastPeriod < 1 || InpAO1SlowPeriod < 1 || InpAO1FastPeriod >= InpAO1SlowPeriod)
  {
    Print("AO1 rejected: periods must be integers greater than or equal to 1 and fastPeriod must be smaller than slowPeriod");
    return INIT_FAILED;
  }
  return INIT_SUCCEEDED;
}

void OnDeinit(const int reason)
{

}



// AO parity: the native iAO buffer is intentionally not used.
// Calculate MEDIAN PRICE per bar first, then each SMA as sum / period, and
// finally subtract the slow SMA from the fast SMA. This preserves the
// TypeScript ao() order exactly: median per bar -> both SMAs -> difference.
// The first AO value is at TS index slowPeriod - 1; the first two-value
// zero-cross evaluation is therefore at TS index slowPeriod.
// The history gates protect unavailable iHigh/iLow bars; non-finite arithmetic
// fails closed as EMPTY_VALUE.
double AoMedian1(int shift)
{
  double high = iHigh(_Symbol, _Period, shift);
  double low = iLow(_Symbol, _Period, shift);
  if(!ValueReady(high) || !MathIsValidNumber(high) ||
    !ValueReady(low) || !MathIsValidNumber(low))
  {
    return EMPTY_VALUE;
  }
  double value = (high + low) / 2.0;
  if(!ValueReady(value) || !MathIsValidNumber(value))
  {
    return EMPTY_VALUE;
  }
  return value;
}

double AoSma1(int shift, int period)
{
  if(period < 1)
  {
    return EMPTY_VALUE;
  }
  double sum = 0.0;
  // Descending MQL shifts visit the TS window oldest-to-newest, preserving
  // the TypeScript accumulation order before division by the period.
  for(int offset = period - 1; offset >= 0; offset--)
  {
    double median = AoMedian1(shift + offset);
    if(!ValueReady(median) || !MathIsValidNumber(median))
    {
      return EMPTY_VALUE;
    }
    sum += median;
  }
  if(!ValueReady(sum) || !MathIsValidNumber(sum))
  {
    return EMPTY_VALUE;
  }
  double value = sum / period;
  if(!ValueReady(value) || !MathIsValidNumber(value))
  {
    return EMPTY_VALUE;
  }
  return value;
}

double AoValue1(int shift)
{
  int fastPeriod = InpAO1FastPeriod;
  int slowPeriod = InpAO1SlowPeriod;
  if(fastPeriod < 1 || slowPeriod < 1 || fastPeriod >= slowPeriod)
  {
    return EMPTY_VALUE;
  }
  // AO's slow SMA at this shift requires history through shift + slowPeriod - 1.
  if(iTime(_Symbol, _Period, shift + slowPeriod - 1) == 0)
  {
    return EMPTY_VALUE;
  }
  double fastSma = AoSma1(shift, fastPeriod);
  double slowSma = AoSma1(shift, slowPeriod);
  if(!ValueReady(fastSma) || !MathIsValidNumber(fastSma) ||
    !ValueReady(slowSma) || !MathIsValidNumber(slowSma))
  {
    return EMPTY_VALUE;
  }
  double value = fastSma - slowSma;
  if(!ValueReady(value) || !MathIsValidNumber(value))
  {
    return EMPTY_VALUE;
  }
  return value;
}

bool Condition1(bool longSide)
{
  int fastPeriod = InpAO1FastPeriod;
  int slowPeriod = InpAO1SlowPeriod;
  int signalShift = 1;
  if(fastPeriod < 1 || slowPeriod < 1 || fastPeriod >= slowPeriod)
  {
    return false;
  }
  // The TS evaluator first evaluates a cross at index slowPeriod. The
  // previous AO at signalShift + 1 is the oldest read and requires history
  // through slowPeriod + signalShift on the same first-eligible bar.
  if(iTime(_Symbol, _Period, slowPeriod + signalShift) == 0)
  {
    return false;
  }
  double previous = AoValue1(signalShift + 1);
  double current = AoValue1(signalShift);
  if(!ValueReady(previous) || !MathIsValidNumber(previous) ||
    !ValueReady(current) || !MathIsValidNumber(current))
  {
    return false;
  }
  if(longSide)
  {
    return previous <= 0.0 && current > 0.0;
  }
  return previous >= 0.0 && current < 0.0;
}


bool EntrySignal(bool longSide)
{
  return Condition1(longSide);
}


bool IsNewBar()
{
  datetime currentBarTime = iTime(_Symbol, _Period, 0);
  if(currentBarTime == 0)
  {
    return false;
  }
  if(currentBarTime == lastBarTime)
  {
    return false;
  }
  lastBarTime = currentBarTime;
  return true;
}

bool SelectCurrentPosition()
{
  for(int i = PositionsTotal() - 1; i >= 0; i--)
  {
    ulong ticket = PositionGetTicket(i);
    if(ticket == 0)
    {
      continue;
    }
    if(!PositionSelectByTicket(ticket))
    {
      continue;
    }
    if(PositionGetString(POSITION_SYMBOL) == _Symbol && (int)PositionGetInteger(POSITION_MAGIC) == InpMagicNumber)
    {
      return true;
    }
  }
  return false;
}

void OpenPosition()
{
  double pip = PipPoint();
  double lots = LotSizeForEntry();
  trade.SetExpertMagicNumber(InpMagicNumber);
  trade.SetDeviationInPoints(20);
  if(InpTradeLong)
  {
    double ask = SymbolInfoDouble(_Symbol, SYMBOL_ASK);
    double sl = NormalizeDouble(ask - InpStopLossPips * pip, _Digits);
    double tp = NormalizeDouble(ask + InpTakeProfitPips * pip, _Digits);
    trade.Buy(lots, _Symbol, ask, sl, tp, "FullTestEA");
    return;
  }
  double bid = SymbolInfoDouble(_Symbol, SYMBOL_BID);
  double sl = NormalizeDouble(bid + InpStopLossPips * pip, _Digits);
  double tp = NormalizeDouble(bid - InpTakeProfitPips * pip, _Digits);
  trade.Sell(lots, _Symbol, bid, sl, tp, "FullTestEA");
}

void CloseCurrentPosition()
{
  if(!SelectCurrentPosition())
  {
    return;
  }
  ulong ticket = (ulong)PositionGetInteger(POSITION_TICKET);
  trade.PositionClose(ticket);
}

void ManageTrailingStop()
{
  if(!InpUseTrailingStop || InpTrailingStopPips <= 0)
  {
    return;
  }
  if(!SelectCurrentPosition())
  {
    return;
  }
  double pip = PipPoint();
  ulong ticket = (ulong)PositionGetInteger(POSITION_TICKET);
  double currentSL = PositionGetDouble(POSITION_SL);
  double currentTP = PositionGetDouble(POSITION_TP);
  long positionType = PositionGetInteger(POSITION_TYPE);
  if(positionType == POSITION_TYPE_BUY)
  {
    double bid = SymbolInfoDouble(_Symbol, SYMBOL_BID);
    double nextSL = NormalizeDouble(bid - InpTrailingStopPips * pip, _Digits);
    if((currentSL == 0.0 || nextSL > currentSL) && nextSL < bid)
    {
      trade.PositionModify(ticket, nextSL, currentTP);
    }
    return;
  }
  double ask = SymbolInfoDouble(_Symbol, SYMBOL_ASK);
  double nextSL = NormalizeDouble(ask + InpTrailingStopPips * pip, _Digits);
  if((currentSL == 0.0 || nextSL < currentSL) && nextSL > ask)
  {
    trade.PositionModify(ticket, nextSL, currentTP);
  }
}

void OnTick()
{
  ManageTrailingStop();
  if(!IsNewBar())
  {
    return;
  }
  if(SelectCurrentPosition())
  {
    if(InpCloseOnOppositeSignal && EntrySignal(!InpTradeLong))
    {
      CloseCurrentPosition();
    }
    return;
  }
  if(EntryFiltersAllow() && EntrySignal(InpTradeLong))
  {
    OpenPosition();
  }
}
